<?xml version="1.0"?>
<link_info>
   <banner>MSP430 Linker PC v4.4.3</banner>
   <copyright>Copyright (c) 2003-2015 Texas Instruments Incorporated</copyright>
   <link_time>0x5682eb22</link_time>
   <link_errors>0x0</link_errors>
   <output_file>P21451_TIM.out</output_file>
   <entry_point>
      <name>_c_int00_noargs_noexit</name>
      <address>0x4400</address>
   </entry_point>
   <input_file_list>
      <input_file id="fl-2">
         <path>.\</path>
         <kind>object</kind>
         <file>TIM1.obj</file>
         <name>TIM1.obj</name>
      </input_file>
      <input_file id="fl-3">
         <path>.\</path>
         <kind>object</kind>
         <file>TIM_Core.obj</file>
         <name>TIM_Core.obj</name>
      </input_file>
      <input_file id="fl-4">
         <path>.\</path>
         <kind>object</kind>
         <file>buffer.obj</file>
         <name>buffer.obj</name>
      </input_file>
      <input_file id="fl-5">
         <path>.\</path>
         <kind>object</kind>
         <file>buffer_printf.obj</file>
         <name>buffer_printf.obj</name>
      </input_file>
      <input_file id="fl-6">
         <path>.\</path>
         <kind>object</kind>
         <file>charReceiverList.obj</file>
         <name>charReceiverList.obj</name>
      </input_file>
      <input_file id="fl-7">
         <path>.\</path>
         <kind>object</kind>
         <file>hal_uart.obj</file>
         <name>hal_uart.obj</name>
      </input_file>
      <input_file id="fl-8">
         <path>.\</path>
         <kind>object</kind>
         <file>itemBuffer.obj</file>
         <name>itemBuffer.obj</name>
      </input_file>
      <input_file id="fl-9">
         <path>.\</path>
         <kind>object</kind>
         <file>list.obj</file>
         <name>list.obj</name>
      </input_file>
      <input_file id="fl-a">
         <path>.\</path>
         <kind>object</kind>
         <file>main.obj</file>
         <name>main.obj</name>
      </input_file>
      <input_file id="fl-b">
         <path>.\</path>
         <kind>object</kind>
         <file>random_int.obj</file>
         <name>random_int.obj</name>
      </input_file>
      <input_file id="fl-c">
         <path>.\</path>
         <kind>object</kind>
         <file>subsys.obj</file>
         <name>subsys.obj</name>
      </input_file>
      <input_file id="fl-d">
         <path>.\</path>
         <kind>object</kind>
         <file>task.obj</file>
         <name>task.obj</name>
      </input_file>
      <input_file id="fl-e">
         <path>.\</path>
         <kind>object</kind>
         <file>timing.obj</file>
         <name>timing.obj</name>
      </input_file>
      <input_file id="fl-f">
         <path>.\</path>
         <kind>object</kind>
         <file>uart.obj</file>
         <name>uart.obj</name>
      </input_file>
      <input_file id="fl-3f">
         <path>D:\Code Composer\ccsv6\tools\compiler\ti-cgt-msp430_4.4.3\lib\</path>
         <kind>archive</kind>
         <file>rts430x_lc_rd_eabi.lib</file>
         <name>boot.obj</name>
      </input_file>
      <input_file id="fl-40">
         <path>D:\Code Composer\ccsv6\tools\compiler\ti-cgt-msp430_4.4.3\lib\</path>
         <kind>archive</kind>
         <file>rts430x_lc_rd_eabi.lib</file>
         <name>boot_special.obj</name>
      </input_file>
      <input_file id="fl-41">
         <path>D:\Code Composer\ccsv6\tools\compiler\ti-cgt-msp430_4.4.3\lib\</path>
         <kind>archive</kind>
         <file>rts430x_lc_rd_eabi.lib</file>
         <name>copy_decompress_none.obj</name>
      </input_file>
      <input_file id="fl-42">
         <path>D:\Code Composer\ccsv6\tools\compiler\ti-cgt-msp430_4.4.3\lib\</path>
         <kind>archive</kind>
         <file>rts430x_lc_rd_eabi.lib</file>
         <name>copy_decompress_rle.obj</name>
      </input_file>
      <input_file id="fl-43">
         <path>D:\Code Composer\ccsv6\tools\compiler\ti-cgt-msp430_4.4.3\lib\</path>
         <kind>archive</kind>
         <file>rts430x_lc_rd_eabi.lib</file>
         <name>copy_zero_init.obj</name>
      </input_file>
      <input_file id="fl-44">
         <path>D:\Code Composer\ccsv6\tools\compiler\ti-cgt-msp430_4.4.3\lib\</path>
         <kind>archive</kind>
         <file>rts430x_lc_rd_eabi.lib</file>
         <name>cvtdf.obj</name>
      </input_file>
      <input_file id="fl-45">
         <path>D:\Code Composer\ccsv6\tools\compiler\ti-cgt-msp430_4.4.3\lib\</path>
         <kind>archive</kind>
         <file>rts430x_lc_rd_eabi.lib</file>
         <name>cvtfd.obj</name>
      </input_file>
      <input_file id="fl-46">
         <path>D:\Code Composer\ccsv6\tools\compiler\ti-cgt-msp430_4.4.3\lib\</path>
         <kind>archive</kind>
         <file>rts430x_lc_rd_eabi.lib</file>
         <name>div16s.obj</name>
      </input_file>
      <input_file id="fl-47">
         <path>D:\Code Composer\ccsv6\tools\compiler\ti-cgt-msp430_4.4.3\lib\</path>
         <kind>archive</kind>
         <file>rts430x_lc_rd_eabi.lib</file>
         <name>div16u.obj</name>
      </input_file>
      <input_file id="fl-48">
         <path>D:\Code Composer\ccsv6\tools\compiler\ti-cgt-msp430_4.4.3\lib\</path>
         <kind>archive</kind>
         <file>rts430x_lc_rd_eabi.lib</file>
         <name>div32u.obj</name>
      </input_file>
      <input_file id="fl-49">
         <path>D:\Code Composer\ccsv6\tools\compiler\ti-cgt-msp430_4.4.3\lib\</path>
         <kind>archive</kind>
         <file>rts430x_lc_rd_eabi.lib</file>
         <name>exit.obj</name>
      </input_file>
      <input_file id="fl-4a">
         <path>D:\Code Composer\ccsv6\tools\compiler\ti-cgt-msp430_4.4.3\lib\</path>
         <kind>archive</kind>
         <file>rts430x_lc_rd_eabi.lib</file>
         <name>fs_mpy.obj</name>
      </input_file>
      <input_file id="fl-4b">
         <path>D:\Code Composer\ccsv6\tools\compiler\ti-cgt-msp430_4.4.3\lib\</path>
         <kind>archive</kind>
         <file>rts430x_lc_rd_eabi.lib</file>
         <name>fs_toi.obj</name>
      </input_file>
      <input_file id="fl-4c">
         <path>D:\Code Composer\ccsv6\tools\compiler\ti-cgt-msp430_4.4.3\lib\</path>
         <kind>archive</kind>
         <file>rts430x_lc_rd_eabi.lib</file>
         <name>fs_tol.obj</name>
      </input_file>
      <input_file id="fl-4d">
         <path>D:\Code Composer\ccsv6\tools\compiler\ti-cgt-msp430_4.4.3\lib\</path>
         <kind>archive</kind>
         <file>rts430x_lc_rd_eabi.lib</file>
         <name>int41.obj</name>
      </input_file>
      <input_file id="fl-4e">
         <path>D:\Code Composer\ccsv6\tools\compiler\ti-cgt-msp430_4.4.3\lib\</path>
         <kind>archive</kind>
         <file>rts430x_lc_rd_eabi.lib</file>
         <name>int42.obj</name>
      </input_file>
      <input_file id="fl-4f">
         <path>D:\Code Composer\ccsv6\tools\compiler\ti-cgt-msp430_4.4.3\lib\</path>
         <kind>archive</kind>
         <file>rts430x_lc_rd_eabi.lib</file>
         <name>int43.obj</name>
      </input_file>
      <input_file id="fl-50">
         <path>D:\Code Composer\ccsv6\tools\compiler\ti-cgt-msp430_4.4.3\lib\</path>
         <kind>archive</kind>
         <file>rts430x_lc_rd_eabi.lib</file>
         <name>int44.obj</name>
      </input_file>
      <input_file id="fl-51">
         <path>D:\Code Composer\ccsv6\tools\compiler\ti-cgt-msp430_4.4.3\lib\</path>
         <kind>archive</kind>
         <file>rts430x_lc_rd_eabi.lib</file>
         <name>int45.obj</name>
      </input_file>
      <input_file id="fl-52">
         <path>D:\Code Composer\ccsv6\tools\compiler\ti-cgt-msp430_4.4.3\lib\</path>
         <kind>archive</kind>
         <file>rts430x_lc_rd_eabi.lib</file>
         <name>int47.obj</name>
      </input_file>
      <input_file id="fl-53">
         <path>D:\Code Composer\ccsv6\tools\compiler\ti-cgt-msp430_4.4.3\lib\</path>
         <kind>archive</kind>
         <file>rts430x_lc_rd_eabi.lib</file>
         <name>int48.obj</name>
      </input_file>
      <input_file id="fl-54">
         <path>D:\Code Composer\ccsv6\tools\compiler\ti-cgt-msp430_4.4.3\lib\</path>
         <kind>archive</kind>
         <file>rts430x_lc_rd_eabi.lib</file>
         <name>int49.obj</name>
      </input_file>
      <input_file id="fl-55">
         <path>D:\Code Composer\ccsv6\tools\compiler\ti-cgt-msp430_4.4.3\lib\</path>
         <kind>archive</kind>
         <file>rts430x_lc_rd_eabi.lib</file>
         <name>int50.obj</name>
      </input_file>
      <input_file id="fl-56">
         <path>D:\Code Composer\ccsv6\tools\compiler\ti-cgt-msp430_4.4.3\lib\</path>
         <kind>archive</kind>
         <file>rts430x_lc_rd_eabi.lib</file>
         <name>int51.obj</name>
      </input_file>
      <input_file id="fl-57">
         <path>D:\Code Composer\ccsv6\tools\compiler\ti-cgt-msp430_4.4.3\lib\</path>
         <kind>archive</kind>
         <file>rts430x_lc_rd_eabi.lib</file>
         <name>int52.obj</name>
      </input_file>
      <input_file id="fl-58">
         <path>D:\Code Composer\ccsv6\tools\compiler\ti-cgt-msp430_4.4.3\lib\</path>
         <kind>archive</kind>
         <file>rts430x_lc_rd_eabi.lib</file>
         <name>int54.obj</name>
      </input_file>
      <input_file id="fl-59">
         <path>D:\Code Composer\ccsv6\tools\compiler\ti-cgt-msp430_4.4.3\lib\</path>
         <kind>archive</kind>
         <file>rts430x_lc_rd_eabi.lib</file>
         <name>int55.obj</name>
      </input_file>
      <input_file id="fl-5a">
         <path>D:\Code Composer\ccsv6\tools\compiler\ti-cgt-msp430_4.4.3\lib\</path>
         <kind>archive</kind>
         <file>rts430x_lc_rd_eabi.lib</file>
         <name>int57.obj</name>
      </input_file>
      <input_file id="fl-5b">
         <path>D:\Code Composer\ccsv6\tools\compiler\ti-cgt-msp430_4.4.3\lib\</path>
         <kind>archive</kind>
         <file>rts430x_lc_rd_eabi.lib</file>
         <name>int58.obj</name>
      </input_file>
      <input_file id="fl-5c">
         <path>D:\Code Composer\ccsv6\tools\compiler\ti-cgt-msp430_4.4.3\lib\</path>
         <kind>archive</kind>
         <file>rts430x_lc_rd_eabi.lib</file>
         <name>int59.obj</name>
      </input_file>
      <input_file id="fl-5d">
         <path>D:\Code Composer\ccsv6\tools\compiler\ti-cgt-msp430_4.4.3\lib\</path>
         <kind>archive</kind>
         <file>rts430x_lc_rd_eabi.lib</file>
         <name>int60.obj</name>
      </input_file>
      <input_file id="fl-5e">
         <path>D:\Code Composer\ccsv6\tools\compiler\ti-cgt-msp430_4.4.3\lib\</path>
         <kind>archive</kind>
         <file>rts430x_lc_rd_eabi.lib</file>
         <name>int61.obj</name>
      </input_file>
      <input_file id="fl-5f">
         <path>D:\Code Composer\ccsv6\tools\compiler\ti-cgt-msp430_4.4.3\lib\</path>
         <kind>archive</kind>
         <file>rts430x_lc_rd_eabi.lib</file>
         <name>int62.obj</name>
      </input_file>
      <input_file id="fl-60">
         <path>D:\Code Composer\ccsv6\tools\compiler\ti-cgt-msp430_4.4.3\lib\</path>
         <kind>archive</kind>
         <file>rts430x_lc_rd_eabi.lib</file>
         <name>isr_trap.obj</name>
      </input_file>
      <input_file id="fl-61">
         <path>D:\Code Composer\ccsv6\tools\compiler\ti-cgt-msp430_4.4.3\lib\</path>
         <kind>archive</kind>
         <file>rts430x_lc_rd_eabi.lib</file>
         <name>lsl16.obj</name>
      </input_file>
      <input_file id="fl-62">
         <path>D:\Code Composer\ccsv6\tools\compiler\ti-cgt-msp430_4.4.3\lib\</path>
         <kind>archive</kind>
         <file>rts430x_lc_rd_eabi.lib</file>
         <name>lsl32.obj</name>
      </input_file>
      <input_file id="fl-63">
         <path>D:\Code Composer\ccsv6\tools\compiler\ti-cgt-msp430_4.4.3\lib\</path>
         <kind>archive</kind>
         <file>rts430x_lc_rd_eabi.lib</file>
         <name>lsr32.obj</name>
      </input_file>
      <input_file id="fl-64">
         <path>D:\Code Composer\ccsv6\tools\compiler\ti-cgt-msp430_4.4.3\lib\</path>
         <kind>archive</kind>
         <file>rts430x_lc_rd_eabi.lib</file>
         <name>memcpy.obj</name>
      </input_file>
      <input_file id="fl-65">
         <path>D:\Code Composer\ccsv6\tools\compiler\ti-cgt-msp430_4.4.3\lib\</path>
         <kind>archive</kind>
         <file>rts430x_lc_rd_eabi.lib</file>
         <name>mpu_init.obj</name>
      </input_file>
      <input_file id="fl-66">
         <path>D:\Code Composer\ccsv6\tools\compiler\ti-cgt-msp430_4.4.3\lib\</path>
         <kind>archive</kind>
         <file>rts430x_lc_rd_eabi.lib</file>
         <name>mult16.obj</name>
      </input_file>
      <input_file id="fl-67">
         <path>D:\Code Composer\ccsv6\tools\compiler\ti-cgt-msp430_4.4.3\lib\</path>
         <kind>archive</kind>
         <file>rts430x_lc_rd_eabi.lib</file>
         <name>mult1632_f5hw.obj</name>
      </input_file>
      <input_file id="fl-68">
         <path>D:\Code Composer\ccsv6\tools\compiler\ti-cgt-msp430_4.4.3\lib\</path>
         <kind>archive</kind>
         <file>rts430x_lc_rd_eabi.lib</file>
         <name>mult16_f5hw.obj</name>
      </input_file>
      <input_file id="fl-69">
         <path>D:\Code Composer\ccsv6\tools\compiler\ti-cgt-msp430_4.4.3\lib\</path>
         <kind>archive</kind>
         <file>rts430x_lc_rd_eabi.lib</file>
         <name>mult3264_f5hw.obj</name>
      </input_file>
      <input_file id="fl-6a">
         <path>D:\Code Composer\ccsv6\tools\compiler\ti-cgt-msp430_4.4.3\lib\</path>
         <kind>archive</kind>
         <file>rts430x_lc_rd_eabi.lib</file>
         <name>mult32_f5hw.obj</name>
      </input_file>
      <input_file id="fl-6b">
         <path>D:\Code Composer\ccsv6\tools\compiler\ti-cgt-msp430_4.4.3\lib\</path>
         <kind>archive</kind>
         <file>rts430x_lc_rd_eabi.lib</file>
         <name>mult64_f5hw.obj</name>
      </input_file>
      <input_file id="fl-6c">
         <path>D:\Code Composer\ccsv6\tools\compiler\ti-cgt-msp430_4.4.3\lib\</path>
         <kind>archive</kind>
         <file>rts430x_lc_rd_eabi.lib</file>
         <name>pre_init.obj</name>
      </input_file>
      <input_file id="fl-6d">
         <path>D:\Code Composer\ccsv6\tools\compiler\ti-cgt-msp430_4.4.3\lib\</path>
         <kind>archive</kind>
         <file>rts430x_lc_rd_eabi.lib</file>
         <name>rand.obj</name>
      </input_file>
      <input_file id="fl-6e">
         <path>D:\Code Composer\ccsv6\tools\compiler\ti-cgt-msp430_4.4.3\lib\</path>
         <kind>archive</kind>
         <file>rts430x_lc_rd_eabi.lib</file>
         <name>strcasecmp.obj</name>
      </input_file>
      <input_file id="fl-6f">
         <path>D:\Code Composer\ccsv6\tools\compiler\ti-cgt-msp430_4.4.3\lib\</path>
         <kind>archive</kind>
         <file>rts430x_lc_rd_eabi.lib</file>
         <name>strcmp.obj</name>
      </input_file>
      <input_file id="fl-70">
         <path>D:\Code Composer\ccsv6\tools\compiler\ti-cgt-msp430_4.4.3\lib\</path>
         <kind>archive</kind>
         <file>rts430x_lc_rd_eabi.lib</file>
         <name>strcpy.obj</name>
      </input_file>
      <input_file id="fl-71">
         <path>D:\Code Composer\ccsv6\tools\compiler\ti-cgt-msp430_4.4.3\lib\</path>
         <kind>archive</kind>
         <file>rts430x_lc_rd_eabi.lib</file>
         <name>tolower.obj</name>
      </input_file>
      <input_file id="fl-72">
         <path>D:\Code Composer\ccsv6\tools\compiler\ti-cgt-msp430_4.4.3\lib\</path>
         <kind>archive</kind>
         <file>rts430x_lc_rd_eabi.lib</file>
         <name>_lock.obj</name>
      </input_file>
      <input_file id="fl-73">
         <path>D:\Code Composer\ccsv6\tools\compiler\ti-cgt-msp430_4.4.3\lib\</path>
         <kind>archive</kind>
         <file>rts430x_lc_rd_eabi.lib</file>
         <name>args_main.obj</name>
      </input_file>
      <input_file id="fl-74">
         <path>D:\Code Composer\ccsv6\tools\compiler\ti-cgt-msp430_4.4.3\lib\</path>
         <kind>archive</kind>
         <file>rts430x_lc_rd_eabi.lib</file>
         <name>asr32.obj</name>
      </input_file>
      <input_file id="fl-75">
         <path>D:\Code Composer\ccsv6\tools\compiler\ti-cgt-msp430_4.4.3\lib\</path>
         <kind>archive</kind>
         <file>rts430x_lc_rd_eabi.lib</file>
         <name>autoinit_wdt.obj</name>
      </input_file>
      <input_file id="fl-76">
         <path>D:\Code Composer\ccsv6\tools\compiler\ti-cgt-msp430_4.4.3\lib\</path>
         <kind>archive</kind>
         <file>rts430x_lc_rd_eabi.lib</file>
         <name>ctype.obj</name>
      </input_file>
      <input_file id="fl-77">
         <path>D:\Code Composer\ccsv6\tools\compiler\ti-cgt-msp430_4.4.3\lib\</path>
         <kind>archive</kind>
         <file>rts430x_lc_rd_eabi.lib</file>
         <name>mult32.obj</name>
      </input_file>
   </input_file_list>
   <object_component_list>
      <object_component id="oc-42c">
         <name>.common:ChanData</name>
         <uninitialized>true</uninitialized>
         <run_address>0x27ec</run_address>
         <size>0x6</size>
      </object_component>
      <object_component id="oc-310">
         <name>.common:MTEDS</name>
         <uninitialized>true</uninitialized>
         <run_address>0x26b0</run_address>
         <size>0x4e</size>
      </object_component>
      <object_component id="oc-2fc">
         <name>.common:length$1</name>
         <uninitialized>true</uninitialized>
         <run_address>0x280c</run_address>
         <size>0x2</size>
      </object_component>
      <object_component id="oc-385">
         <name>.common:PlaceHolder$5</name>
         <uninitialized>true</uninitialized>
         <run_address>0x27fa</run_address>
         <size>0x4</size>
      </object_component>
      <object_component id="oc-38f">
         <name>.common:PlaceHolder2$6</name>
         <uninitialized>true</uninitialized>
         <run_address>0x27fe</run_address>
         <size>0x4</size>
      </object_component>
      <object_component id="oc-386">
         <name>.common:FuncID$7</name>
         <uninitialized>true</uninitialized>
         <run_address>0x27f6</run_address>
         <size>0x4</size>
      </object_component>
      <object_component id="oc-390">
         <name>.common:ChanID$8</name>
         <uninitialized>true</uninitialized>
         <run_address>0x27f2</run_address>
         <size>0x4</size>
      </object_component>
      <object_component id="oc-387">
         <name>.common:CommaOffset$9</name>
         <uninitialized>true</uninitialized>
         <run_address>0x280a</run_address>
         <size>0x2</size>
      </object_component>
      <object_component id="oc-2fd">
         <name>.common:receive_buffer</name>
         <uninitialized>true</uninitialized>
         <run_address>0x26fe</run_address>
         <size>0x40</size>
      </object_component>
      <object_component id="oc-227">
         <name>.common:task_array</name>
         <uninitialized>true</uninitialized>
         <run_address>0x2400</run_address>
         <size>0x140</size>
      </object_component>
      <object_component id="oc-223">
         <name>.common:task_links</name>
         <uninitialized>true</uninitialized>
         <run_address>0x2540</run_address>
         <size>0xf0</size>
      </object_component>
      <object_component id="oc-226">
         <name>.common:task_list</name>
         <uninitialized>true</uninitialized>
         <run_address>0x273e</run_address>
         <size>0x36</size>
      </object_component>
      <object_component id="oc-16b">
         <name>.common:time</name>
         <uninitialized>true</uninitialized>
         <run_address>0x2806</run_address>
         <size>0x4</size>
      </object_component>
      <object_component id="oc-21a">
         <name>.common:rollover_time</name>
         <uninitialized>true</uninitialized>
         <run_address>0x2802</run_address>
         <size>0x4</size>
      </object_component>
      <object_component id="oc-2e1">
         <name>.common:rx1</name>
         <uninitialized>true</uninitialized>
         <run_address>0x2794</run_address>
         <size>0x18</size>
      </object_component>
      <object_component id="oc-2e9">
         <name>.common:tx1</name>
         <uninitialized>true</uninitialized>
         <run_address>0x27ac</run_address>
         <size>0x18</size>
      </object_component>
      <object_component id="oc-2ea">
         <name>.common:tx_buffer_array1</name>
         <uninitialized>true</uninitialized>
         <run_address>0x2630</run_address>
         <size>0x80</size>
      </object_component>
      <object_component id="oc-2e2">
         <name>.common:rx_buffer_array1</name>
         <uninitialized>true</uninitialized>
         <run_address>0x2774</run_address>
         <size>0x20</size>
      </object_component>
      <object_component id="oc-2eb">
         <name>.common:receiverList1</name>
         <uninitialized>true</uninitialized>
         <run_address>0x27dc</run_address>
         <size>0x8</size>
      </object_component>
      <object_component id="oc-2ec">
         <name>.common:receiver_array1</name>
         <uninitialized>true</uninitialized>
         <run_address>0x27e4</run_address>
         <size>0x8</size>
      </object_component>
      <object_component id="oc-1b1">
         <name>.common:uart</name>
         <uninitialized>true</uninitialized>
         <run_address>0x27c4</run_address>
         <size>0x18</size>
      </object_component>
      <object_component id="oc-1c5">
         <name>.common:rx_flags</name>
         <uninitialized>true</uninitialized>
         <run_address>0x280e</run_address>
         <size>0x1</size>
      </object_component>
      <object_component id="oc-cf">
         <name>.stack</name>
         <uninitialized>true</uninitialized>
         <run_address>0x4360</run_address>
         <size>0x4</size>
         <input_file_ref idref="fl-3f"/>
      </object_component>
      <object_component id="oc-4ea">
         <name>.stack</name>
         <uninitialized>true</uninitialized>
         <run_address>0x4360</run_address>
         <size>0x0</size>
      </object_component>
      <object_component id="oc-3d8">
         <name>.text:ReadMetaTEDS</name>
         <load_address>0x10000</load_address>
         <run_address>0x10000</run_address>
         <size>0x30c</size>
         <input_file_ref idref="fl-2"/>
      </object_component>
      <object_component id="oc-302">
         <name>.text:ParseMSG</name>
         <load_address>0x1030c</load_address>
         <run_address>0x1030c</run_address>
         <size>0x1d0</size>
         <input_file_ref idref="fl-3"/>
      </object_component>
      <object_component id="oc-391">
         <name>.text:FunctionSelect</name>
         <load_address>0x104dc</load_address>
         <run_address>0x104dc</run_address>
         <size>0x134</size>
         <input_file_ref idref="fl-3"/>
      </object_component>
      <object_component id="oc-319">
         <name>.text:Link</name>
         <load_address>0x10610</load_address>
         <run_address>0x10610</run_address>
         <size>0x110</size>
         <input_file_ref idref="fl-9"/>
      </object_component>
      <object_component id="oc-3b3">
         <name>.text:Push_vprintf</name>
         <load_address>0x10720</load_address>
         <run_address>0x10720</run_address>
         <size>0xf8</size>
         <input_file_ref idref="fl-5"/>
      </object_component>
      <object_component id="oc-2db">
         <name>.text:hal_UART_Init</name>
         <load_address>0x10818</load_address>
         <run_address>0x10818</run_address>
         <size>0xf4</size>
         <input_file_ref idref="fl-7"/>
      </object_component>
      <object_component id="oc-322">
         <name>.text:Unlink</name>
         <load_address>0x1090c</load_address>
         <run_address>0x1090c</run_address>
         <size>0xdc</size>
         <input_file_ref idref="fl-9"/>
      </object_component>
      <object_component id="oc-265">
         <name>.text:MetaTEDSInit</name>
         <load_address>0x109e8</load_address>
         <run_address>0x109e8</run_address>
         <size>0xc8</size>
         <input_file_ref idref="fl-2"/>
      </object_component>
      <object_component id="oc-44c">
         <name>.text</name>
         <load_address>0x10ab0</load_address>
         <run_address>0x10ab0</run_address>
         <size>0xb6</size>
         <input_file_ref idref="fl-4a"/>
      </object_component>
      <object_component id="oc-2f4">
         <name>.text:UART_Tick</name>
         <load_address>0x10b66</load_address>
         <run_address>0x10b66</run_address>
         <size>0xaa</size>
         <input_file_ref idref="fl-f"/>
      </object_component>
      <object_component id="oc-28a">
         <name>.text:List_LinkItem</name>
         <load_address>0x10c10</load_address>
         <run_address>0x10c10</run_address>
         <size>0xa6</size>
         <input_file_ref idref="fl-9"/>
      </object_component>
      <object_component id="oc-3a3">
         <name>.text:FindUnusedLink</name>
         <load_address>0x10cb6</load_address>
         <run_address>0x10cb6</run_address>
         <size>0x9c</size>
         <input_file_ref idref="fl-9"/>
      </object_component>
      <object_component id="oc-402">
         <name>.text:PushFloat</name>
         <load_address>0x10d52</load_address>
         <run_address>0x10d52</run_address>
         <size>0x9c</size>
         <input_file_ref idref="fl-5"/>
      </object_component>
      <object_component id="oc-228">
         <name>.text:List_Init</name>
         <load_address>0x10dee</load_address>
         <run_address>0x10dee</run_address>
         <size>0x9a</size>
         <input_file_ref idref="fl-9"/>
      </object_component>
      <object_component id="oc-3fc">
         <name>.text:__mspabi_cvtdf</name>
         <load_address>0x10e88</load_address>
         <run_address>0x10e88</run_address>
         <size>0x8c</size>
         <input_file_ref idref="fl-44"/>
      </object_component>
      <object_component id="oc-253">
         <name>.text:UART_Init</name>
         <load_address>0x10f14</load_address>
         <run_address>0x10f14</run_address>
         <size>0x86</size>
         <input_file_ref idref="fl-f"/>
      </object_component>
      <object_component id="oc-26c">
         <name>.text:List_Link</name>
         <load_address>0x10f9a</load_address>
         <run_address>0x10f9a</run_address>
         <size>0x84</size>
         <input_file_ref idref="fl-9"/>
      </object_component>
      <object_component id="oc-259">
         <name>.text:UARTCharReceive</name>
         <load_address>0x1101e</load_address>
         <run_address>0x1101e</run_address>
         <size>0x80</size>
         <input_file_ref idref="fl-3"/>
      </object_component>
      <object_component id="oc-451">
         <name>.text</name>
         <load_address>0x1109e</load_address>
         <run_address>0x1109e</run_address>
         <size>0x7e</size>
         <input_file_ref idref="fl-4c"/>
      </object_component>
      <object_component id="oc-1ba">
         <name>.text:Push</name>
         <load_address>0x1111c</load_address>
         <run_address>0x1111c</run_address>
         <size>0x7c</size>
         <input_file_ref idref="fl-4"/>
      </object_component>
      <object_component id="oc-19d">
         <name>.text:SystemTick</name>
         <load_address>0x11198</load_address>
         <run_address>0x11198</run_address>
         <size>0x76</size>
         <input_file_ref idref="fl-d"/>
      </object_component>
      <object_component id="oc-3e4">
         <name>.text:PushHex</name>
         <load_address>0x1120e</load_address>
         <run_address>0x1120e</run_address>
         <size>0x6c</size>
         <input_file_ref idref="fl-5"/>
      </object_component>
      <object_component id="oc-111">
         <name>.text:_auto_init_hold_wdt</name>
         <load_address>0x1127a</load_address>
         <run_address>0x1127a</run_address>
         <size>0x6c</size>
         <input_file_ref idref="fl-75"/>
      </object_component>
      <object_component id="oc-439">
         <name>.text:Push_uint32</name>
         <load_address>0x112e6</load_address>
         <run_address>0x112e6</run_address>
         <size>0x6a</size>
         <input_file_ref idref="fl-5"/>
      </object_component>
      <object_component id="oc-191">
         <name>.text:Task_Init</name>
         <load_address>0x11350</load_address>
         <run_address>0x11350</run_address>
         <size>0x6a</size>
         <input_file_ref idref="fl-d"/>
      </object_component>
      <object_component id="oc-e0">
         <name>.text:__TI_decompress_rle_core</name>
         <load_address>0x113ba</load_address>
         <run_address>0x113ba</run_address>
         <size>0x68</size>
         <input_file_ref idref="fl-42"/>
      </object_component>
      <object_component id="oc-447">
         <name>.text</name>
         <load_address>0x11422</load_address>
         <run_address>0x11422</run_address>
         <size>0x68</size>
         <input_file_ref idref="fl-4b"/>
      </object_component>
      <object_component id="oc-329">
         <name>.text:FindLinkByItem</name>
         <load_address>0x1148a</load_address>
         <run_address>0x1148a</run_address>
         <size>0x66</size>
         <input_file_ref idref="fl-9"/>
      </object_component>
      <object_component id="oc-343">
         <name>.text:GetUnusedLink</name>
         <load_address>0x114f0</load_address>
         <run_address>0x114f0</run_address>
         <size>0x64</size>
         <input_file_ref idref="fl-9"/>
      </object_component>
      <object_component id="oc-42f">
         <name>.text:__mspabi_cvtfd</name>
         <load_address>0x11554</load_address>
         <run_address>0x11554</run_address>
         <size>0x64</size>
         <input_file_ref idref="fl-45"/>
      </object_component>
      <object_component id="oc-3ea">
         <name>.text:Push_uint16</name>
         <load_address>0x115b8</load_address>
         <run_address>0x115b8</run_address>
         <size>0x5a</size>
         <input_file_ref idref="fl-5"/>
      </object_component>
      <object_component id="oc-350">
         <name>.text</name>
         <load_address>0x11612</load_address>
         <run_address>0x11612</run_address>
         <size>0x58</size>
         <input_file_ref idref="fl-48"/>
      </object_component>
      <object_component id="oc-2d4">
         <name>.text:List_AddIndirect</name>
         <load_address>0x1166a</load_address>
         <run_address>0x1166a</run_address>
         <size>0x50</size>
         <input_file_ref idref="fl-9"/>
      </object_component>
      <object_component id="oc-164">
         <name>.text:UART_Tx_Handler</name>
         <load_address>0x116ba</load_address>
         <run_address>0x116ba</run_address>
         <size>0x4e</size>
         <input_file_ref idref="fl-f"/>
      </object_component>
      <object_component id="oc-3b9">
         <name>.text:UART_Tx_Start</name>
         <load_address>0x11708</load_address>
         <run_address>0x11708</run_address>
         <size>0x4e</size>
         <input_file_ref idref="fl-f"/>
      </object_component>
      <object_component id="oc-246">
         <name>.text:RollTimer</name>
         <load_address>0x11756</load_address>
         <run_address>0x11756</run_address>
         <size>0x44</size>
         <input_file_ref idref="fl-d"/>
      </object_component>
      <object_component id="oc-24c">
         <name>.text:Task_Schedule</name>
         <load_address>0x1179a</load_address>
         <run_address>0x1179a</run_address>
         <size>0x44</size>
         <input_file_ref idref="fl-d"/>
      </object_component>
      <object_component id="oc-420">
         <name>.text:rand</name>
         <load_address>0x117de</load_address>
         <run_address>0x117de</run_address>
         <size>0x40</size>
         <input_file_ref idref="fl-6d"/>
      </object_component>
      <object_component id="oc-1ce">
         <name>.text:Pop</name>
         <load_address>0x1181e</load_address>
         <run_address>0x1181e</run_address>
         <size>0x3e</size>
         <input_file_ref idref="fl-4"/>
      </object_component>
      <object_component id="oc-158">
         <name>.text:UART_Rx_Handler</name>
         <load_address>0x1185c</load_address>
         <run_address>0x1185c</run_address>
         <size>0x3e</size>
         <input_file_ref idref="fl-f"/>
      </object_component>
      <object_component id="oc-469">
         <name>.text:l_asr_const</name>
         <load_address>0x1189a</load_address>
         <run_address>0x1189a</run_address>
         <size>0x3e</size>
         <input_file_ref idref="fl-74"/>
      </object_component>
      <object_component id="oc-440">
         <name>.text:l_lsl_const</name>
         <load_address>0x118d8</load_address>
         <run_address>0x118d8</run_address>
         <size>0x3e</size>
         <input_file_ref idref="fl-62"/>
      </object_component>
      <object_component id="oc-355">
         <name>.text:l_lsr_const</name>
         <load_address>0x11916</load_address>
         <run_address>0x11916</run_address>
         <size>0x3e</size>
         <input_file_ref idref="fl-63"/>
      </object_component>
      <object_component id="oc-3c6">
         <name>.text:random_int</name>
         <load_address>0x11954</load_address>
         <run_address>0x11954</run_address>
         <size>0x3a</size>
         <input_file_ref idref="fl-b"/>
      </object_component>
      <object_component id="oc-3d2">
         <name>.text:ReadChannelTransducerData</name>
         <load_address>0x1198e</load_address>
         <run_address>0x1198e</run_address>
         <size>0x36</size>
         <input_file_ref idref="fl-2"/>
      </object_component>
      <object_component id="oc-370">
         <name>.text:CharReceiverList_Run</name>
         <load_address>0x119c4</load_address>
         <run_address>0x119c4</run_address>
         <size>0x32</size>
         <input_file_ref idref="fl-6"/>
      </object_component>
      <object_component id="oc-389">
         <name>.text:UART_Printf</name>
         <load_address>0x119f6</load_address>
         <run_address>0x119f6</run_address>
         <size>0x32</size>
         <input_file_ref idref="fl-f"/>
      </object_component>
      <object_component id="oc-40e">
         <name>.text:PushBinary16</name>
         <load_address>0x11a28</load_address>
         <run_address>0x11a28</run_address>
         <size>0x30</size>
         <input_file_ref idref="fl-5"/>
      </object_component>
      <object_component id="oc-426">
         <name>.text</name>
         <load_address>0x11a58</load_address>
         <run_address>0x11a58</run_address>
         <size>0x2c</size>
         <input_file_ref idref="fl-46"/>
      </object_component>
      <object_component id="oc-3f6">
         <name>.text:Push_int32</name>
         <load_address>0x11a84</load_address>
         <run_address>0x11a84</run_address>
         <size>0x2a</size>
         <input_file_ref idref="fl-5"/>
      </object_component>
      <object_component id="oc-2e3">
         <name>.text:BufferInit</name>
         <load_address>0x11aae</load_address>
         <run_address>0x11aae</run_address>
         <size>0x26</size>
         <input_file_ref idref="fl-4"/>
      </object_component>
      <object_component id="oc-8d">
         <name>.text:decompress:ZI:__TI_zero_init</name>
         <load_address>0x11ad4</load_address>
         <run_address>0x11ad4</run_address>
         <size>0x24</size>
         <input_file_ref idref="fl-43"/>
      </object_component>
      <object_component id="oc-408">
         <name>.text:Push_int16</name>
         <load_address>0x11af8</load_address>
         <run_address>0x11af8</run_address>
         <size>0x22</size>
         <input_file_ref idref="fl-5"/>
      </object_component>
      <object_component id="oc-23a">
         <name>.text:identify_task</name>
         <load_address>0x11b1a</load_address>
         <run_address>0x11b1a</run_address>
         <size>0x22</size>
         <input_file_ref idref="fl-d"/>
      </object_component>
      <object_component id="oc-462">
         <name>.text</name>
         <load_address>0x11b3c</load_address>
         <run_address>0x11b3c</run_address>
         <size>0x22</size>
         <input_file_ref idref="fl-6a"/>
      </object_component>
      <object_component id="oc-284">
         <name>.text:List_Remove</name>
         <load_address>0x11b5e</load_address>
         <run_address>0x11b5e</run_address>
         <size>0x20</size>
         <input_file_ref idref="fl-9"/>
      </object_component>
      <object_component id="oc-1c6">
         <name>.text:hal_UART_DataAvailable</name>
         <load_address>0x11b7e</load_address>
         <run_address>0x11b7e</run_address>
         <size>0x20</size>
         <input_file_ref idref="fl-7"/>
      </object_component>
      <object_component id="oc-1da">
         <name>.text:hal_UART_SpaceAvailable</name>
         <load_address>0x11b9e</load_address>
         <run_address>0x11b9e</run_address>
         <size>0x20</size>
         <input_file_ref idref="fl-7"/>
      </object_component>
      <object_component id="oc-12b">
         <name>.text:main</name>
         <load_address>0x11bbe</load_address>
         <run_address>0x11bbe</run_address>
         <size>0x20</size>
         <input_file_ref idref="fl-a"/>
      </object_component>
      <object_component id="oc-18b">
         <name>.text:Timing_Init</name>
         <load_address>0x11bde</load_address>
         <run_address>0x11bde</run_address>
         <size>0x1e</size>
         <input_file_ref idref="fl-e"/>
      </object_component>
      <object_component id="oc-25f">
         <name>.text:UART_RegisterReceiver</name>
         <load_address>0x11bfc</load_address>
         <run_address>0x11bfc</run_address>
         <size>0x1e</size>
         <input_file_ref idref="fl-f"/>
      </object_component>
      <object_component id="oc-309">
         <name>.text:CharReceiverList_Add</name>
         <load_address>0x11c1a</load_address>
         <run_address>0x11c1a</run_address>
         <size>0x1c</size>
         <input_file_ref idref="fl-6"/>
      </object_component>
      <object_component id="oc-1b4">
         <name>.text:hal_UART_RxChar</name>
         <load_address>0x11c36</load_address>
         <run_address>0x11c36</run_address>
         <size>0x1c</size>
         <input_file_ref idref="fl-7"/>
      </object_component>
      <object_component id="oc-3c0">
         <name>.text:strcmp</name>
         <load_address>0x11c52</load_address>
         <run_address>0x11c52</run_address>
         <size>0x1c</size>
         <input_file_ref idref="fl-6f"/>
      </object_component>
      <object_component id="oc-22e">
         <name>.text:sort_tasks</name>
         <load_address>0x11c6e</load_address>
         <run_address>0x11c6e</run_address>
         <size>0x1a</size>
         <input_file_ref idref="fl-d"/>
      </object_component>
      <object_component id="oc-2c7">
         <name>.text:List_GetNext</name>
         <load_address>0x11c88</load_address>
         <run_address>0x11c88</run_address>
         <size>0x18</size>
         <input_file_ref idref="fl-9"/>
      </object_component>
      <object_component id="oc-3f0">
         <name>.text:PushStr</name>
         <load_address>0x11ca0</load_address>
         <run_address>0x11ca0</run_address>
         <size>0x18</size>
         <input_file_ref idref="fl-5"/>
      </object_component>
      <object_component id="oc-3cc">
         <name>.text:WriteChannelTransducerData</name>
         <load_address>0x11cb8</load_address>
         <run_address>0x11cb8</run_address>
         <size>0x18</size>
         <input_file_ref idref="fl-2"/>
      </object_component>
      <object_component id="oc-21b">
         <name>.text:hal_Timing_Init</name>
         <load_address>0x11cd0</load_address>
         <run_address>0x11cd0</run_address>
         <size>0x18</size>
         <input_file_ref idref="fl-e"/>
      </object_component>
      <object_component id="oc-197">
         <name>.text:TIM_Init</name>
         <load_address>0x11ce8</load_address>
         <run_address>0x11ce8</run_address>
         <size>0x16</size>
         <input_file_ref idref="fl-3"/>
      </object_component>
      <object_component id="oc-15e">
         <name>.text:hal_UART_ClearRxIF</name>
         <load_address>0x11cfe</load_address>
         <run_address>0x11cfe</run_address>
         <size>0x16</size>
         <input_file_ref idref="fl-7"/>
      </object_component>
      <object_component id="oc-34a">
         <name>.text:hal_UART_Disable</name>
         <load_address>0x11d14</load_address>
         <run_address>0x11d14</run_address>
         <size>0x16</size>
         <input_file_ref idref="fl-7"/>
      </object_component>
      <object_component id="oc-1e6">
         <name>.text:hal_UART_DisableTxInterrupt</name>
         <load_address>0x11d2a</load_address>
         <run_address>0x11d2a</run_address>
         <size>0x16</size>
         <input_file_ref idref="fl-7"/>
      </object_component>
      <object_component id="oc-35a">
         <name>.text:hal_UART_Enable</name>
         <load_address>0x11d40</load_address>
         <run_address>0x11d40</run_address>
         <size>0x16</size>
         <input_file_ref idref="fl-7"/>
      </object_component>
      <object_component id="oc-366">
         <name>.text:hal_UART_EnableRxInterrupt</name>
         <load_address>0x11d56</load_address>
         <run_address>0x11d56</run_address>
         <size>0x16</size>
         <input_file_ref idref="fl-7"/>
      </object_component>
      <object_component id="oc-360">
         <name>.text:hal_UART_EnableTxInterrupt</name>
         <load_address>0x11d6c</load_address>
         <run_address>0x11d6c</run_address>
         <size>0x16</size>
         <input_file_ref idref="fl-7"/>
      </object_component>
      <object_component id="oc-1d4">
         <name>.text:hal_UART_TxChar</name>
         <load_address>0x11d82</load_address>
         <run_address>0x11d82</run_address>
         <size>0x16</size>
         <input_file_ref idref="fl-7"/>
      </object_component>
      <object_component id="oc-39d">
         <name>.text</name>
         <load_address>0x11d98</load_address>
         <run_address>0x11d98</run_address>
         <size>0x16</size>
         <input_file_ref idref="fl-47"/>
      </object_component>
      <object_component id="oc-1ac">
         <name>.text</name>
         <load_address>0x11dae</load_address>
         <run_address>0x11dae</run_address>
         <size>0x16</size>
         <input_file_ref idref="fl-68"/>
      </object_component>
      <object_component id="oc-41a">
         <name>.text:srand</name>
         <load_address>0x11dc4</load_address>
         <run_address>0x11dc4</run_address>
         <size>0x16</size>
         <input_file_ref idref="fl-6d"/>
      </object_component>
      <object_component id="oc-2cd">
         <name>.text:Timing_Roll</name>
         <load_address>0x11dda</load_address>
         <run_address>0x11dda</run_address>
         <size>0x14</size>
         <input_file_ref idref="fl-e"/>
      </object_component>
      <object_component id="oc-d3">
         <name>.text:memcpy</name>
         <load_address>0x11dee</load_address>
         <run_address>0x11dee</run_address>
         <size>0x14</size>
         <input_file_ref idref="fl-64"/>
      </object_component>
      <object_component id="oc-272">
         <name>.text:List_GetFirst</name>
         <load_address>0x11e02</load_address>
         <run_address>0x11e02</run_address>
         <size>0x12</size>
         <input_file_ref idref="fl-9"/>
      </object_component>
      <object_component id="oc-6b">
         <name>.text:decompress:none:__TI_decompress_none</name>
         <load_address>0x11e14</load_address>
         <run_address>0x11e14</run_address>
         <size>0x12</size>
         <input_file_ref idref="fl-41"/>
      </object_component>
      <object_component id="oc-312">
         <name>.text:strcpy</name>
         <load_address>0x11e26</load_address>
         <run_address>0x11e26</run_address>
         <size>0x12</size>
         <input_file_ref idref="fl-70"/>
      </object_component>
      <object_component id="oc-2ed">
         <name>.text:CharReceiverList_Init</name>
         <load_address>0x11e38</load_address>
         <run_address>0x11e38</run_address>
         <size>0xe</size>
         <input_file_ref idref="fl-6"/>
      </object_component>
      <object_component id="oc-27e">
         <name>.text:List_UnlinkFirst</name>
         <load_address>0x11e46</load_address>
         <run_address>0x11e46</run_address>
         <size>0xc</size>
         <input_file_ref idref="fl-9"/>
      </object_component>
      <object_component id="oc-278">
         <name>.text:TimeNow</name>
         <load_address>0x11e52</load_address>
         <run_address>0x11e52</run_address>
         <size>0xa</size>
         <input_file_ref idref="fl-e"/>
      </object_component>
      <object_component id="oc-1c0">
         <name>.text</name>
         <load_address>0x11e5c</load_address>
         <run_address>0x11e5c</run_address>
         <size>0xa</size>
         <input_file_ref idref="fl-61"/>
      </object_component>
      <object_component id="oc-240">
         <name>.text:List_SetIdentifyFunction</name>
         <load_address>0x11e66</load_address>
         <run_address>0x11e66</run_address>
         <size>0x6</size>
         <input_file_ref idref="fl-9"/>
      </object_component>
      <object_component id="oc-234">
         <name>.text:List_SetSortFunction</name>
         <load_address>0x11e6c</load_address>
         <run_address>0x11e6c</run_address>
         <size>0x6</size>
         <input_file_ref idref="fl-9"/>
      </object_component>
      <object_component id="oc-71">
         <name>.text:decompress:rle24:__TI_decompress_rle24</name>
         <load_address>0x11e72</load_address>
         <run_address>0x11e72</run_address>
         <size>0x6</size>
         <input_file_ref idref="fl-42"/>
      </object_component>
      <object_component id="oc-1e0">
         <name>.text:GetSize</name>
         <load_address>0x11e78</load_address>
         <run_address>0x11e78</run_address>
         <size>0x4</size>
         <input_file_ref idref="fl-4"/>
      </object_component>
      <object_component id="oc-10b">
         <name>.text:_system_pre_init</name>
         <load_address>0x11e7c</load_address>
         <run_address>0x11e7c</run_address>
         <size>0x4</size>
         <input_file_ref idref="fl-6c"/>
      </object_component>
      <object_component id="oc-133">
         <name>.text:abort</name>
         <load_address>0x11e80</load_address>
         <run_address>0x11e80</run_address>
         <size>0x4</size>
         <input_file_ref idref="fl-49"/>
      </object_component>
      <object_component id="oc-207">
         <name>.text:_nop</name>
         <load_address>0x11e84</load_address>
         <run_address>0x11e84</run_address>
         <size>0x2</size>
         <input_file_ref idref="fl-72"/>
      </object_component>
      <object_component id="oc-ab">
         <name>.text:_isr:_c_int00_noargs_noexit</name>
         <load_address>0x4400</load_address>
         <run_address>0x4400</run_address>
         <size>0x1a</size>
         <input_file_ref idref="fl-40"/>
      </object_component>
      <object_component id="oc-fe">
         <name>.text:_isr:_UART0_ISR</name>
         <load_address>0x441a</load_address>
         <run_address>0x441a</run_address>
         <size>0x18</size>
         <input_file_ref idref="fl-7"/>
      </object_component>
      <object_component id="oc-f2">
         <name>.text:_isr:_UART1_ISR</name>
         <load_address>0x4432</load_address>
         <run_address>0x4432</run_address>
         <size>0x18</size>
         <input_file_ref idref="fl-7"/>
      </object_component>
      <object_component id="oc-f8">
         <name>.text:_isr:TIMER0_A0_ISR</name>
         <load_address>0x444a</load_address>
         <run_address>0x444a</run_address>
         <size>0xe</size>
         <input_file_ref idref="fl-e"/>
      </object_component>
      <object_component id="oc-ed">
         <name>.text:_isr:__TI_ISR_TRAP</name>
         <load_address>0x4458</load_address>
         <run_address>0x4458</run_address>
         <size>0x6</size>
         <input_file_ref idref="fl-60"/>
      </object_component>
      <object_component id="oc-4e9">
         <name>.cinit..data.load</name>
         <load_address>0x460a</load_address>
         <run_address>0x460a</run_address>
         <size>0x19</size>
      </object_component>
      <object_component id="oc-4e6">
         <name>__TI_handler_table</name>
         <load_address>0x4624</load_address>
         <run_address>0x4624</run_address>
         <size>0xc</size>
      </object_component>
      <object_component id="oc-4e8">
         <name>.cinit..bss.load</name>
         <load_address>0x4630</load_address>
         <run_address>0x4630</run_address>
         <size>0x6</size>
      </object_component>
      <object_component id="oc-4e7">
         <name>__TI_cinit_table</name>
         <load_address>0x4636</load_address>
         <run_address>0x4636</run_address>
         <size>0x10</size>
      </object_component>
      <object_component id="oc-388">
         <name>.const:.string</name>
         <load_address>0x445e</load_address>
         <run_address>0x445e</run_address>
         <size>0x188</size>
         <input_file_ref idref="fl-3"/>
      </object_component>
      <object_component id="oc-311">
         <name>.const:.string</name>
         <load_address>0x45e6</load_address>
         <run_address>0x45e6</run_address>
         <size>0x24</size>
         <input_file_ref idref="fl-2"/>
      </object_component>
      <object_component id="oc-77">
         <name>.int41</name>
         <load_address>0xffd2</load_address>
         <run_address>0xffd2</run_address>
         <size>0x2</size>
         <input_file_ref idref="fl-4d"/>
      </object_component>
      <object_component id="oc-78">
         <name>.int42</name>
         <load_address>0xffd4</load_address>
         <run_address>0xffd4</run_address>
         <size>0x2</size>
         <input_file_ref idref="fl-4e"/>
      </object_component>
      <object_component id="oc-79">
         <name>.int43</name>
         <load_address>0xffd6</load_address>
         <run_address>0xffd6</run_address>
         <size>0x2</size>
         <input_file_ref idref="fl-4f"/>
      </object_component>
      <object_component id="oc-7a">
         <name>.int44</name>
         <load_address>0xffd8</load_address>
         <run_address>0xffd8</run_address>
         <size>0x2</size>
         <input_file_ref idref="fl-50"/>
      </object_component>
      <object_component id="oc-7b">
         <name>.int45</name>
         <load_address>0xffda</load_address>
         <run_address>0xffda</run_address>
         <size>0x2</size>
         <input_file_ref idref="fl-51"/>
      </object_component>
      <object_component id="oc-7c">
         <name>.int46</name>
         <load_address>0xffdc</load_address>
         <run_address>0xffdc</run_address>
         <size>0x2</size>
         <input_file_ref idref="fl-7"/>
      </object_component>
      <object_component id="oc-7d">
         <name>.int47</name>
         <load_address>0xffde</load_address>
         <run_address>0xffde</run_address>
         <size>0x2</size>
         <input_file_ref idref="fl-52"/>
      </object_component>
      <object_component id="oc-7e">
         <name>.int48</name>
         <load_address>0xffe0</load_address>
         <run_address>0xffe0</run_address>
         <size>0x2</size>
         <input_file_ref idref="fl-53"/>
      </object_component>
      <object_component id="oc-7f">
         <name>.int49</name>
         <load_address>0xffe2</load_address>
         <run_address>0xffe2</run_address>
         <size>0x2</size>
         <input_file_ref idref="fl-54"/>
      </object_component>
      <object_component id="oc-80">
         <name>.int50</name>
         <load_address>0xffe4</load_address>
         <run_address>0xffe4</run_address>
         <size>0x2</size>
         <input_file_ref idref="fl-55"/>
      </object_component>
      <object_component id="oc-81">
         <name>.int51</name>
         <load_address>0xffe6</load_address>
         <run_address>0xffe6</run_address>
         <size>0x2</size>
         <input_file_ref idref="fl-56"/>
      </object_component>
      <object_component id="oc-82">
         <name>.int52</name>
         <load_address>0xffe8</load_address>
         <run_address>0xffe8</run_address>
         <size>0x2</size>
         <input_file_ref idref="fl-57"/>
      </object_component>
      <object_component id="oc-83">
         <name>.int53</name>
         <load_address>0xffea</load_address>
         <run_address>0xffea</run_address>
         <size>0x2</size>
         <input_file_ref idref="fl-e"/>
      </object_component>
      <object_component id="oc-84">
         <name>.int54</name>
         <load_address>0xffec</load_address>
         <run_address>0xffec</run_address>
         <size>0x2</size>
         <input_file_ref idref="fl-58"/>
      </object_component>
      <object_component id="oc-85">
         <name>.int55</name>
         <load_address>0xffee</load_address>
         <run_address>0xffee</run_address>
         <size>0x2</size>
         <input_file_ref idref="fl-59"/>
      </object_component>
      <object_component id="oc-86">
         <name>.int56</name>
         <load_address>0xfff0</load_address>
         <run_address>0xfff0</run_address>
         <size>0x2</size>
         <input_file_ref idref="fl-7"/>
      </object_component>
      <object_component id="oc-87">
         <name>.int57</name>
         <load_address>0xfff2</load_address>
         <run_address>0xfff2</run_address>
         <size>0x2</size>
         <input_file_ref idref="fl-5a"/>
      </object_component>
      <object_component id="oc-88">
         <name>.int58</name>
         <load_address>0xfff4</load_address>
         <run_address>0xfff4</run_address>
         <size>0x2</size>
         <input_file_ref idref="fl-5b"/>
      </object_component>
      <object_component id="oc-89">
         <name>.int59</name>
         <load_address>0xfff6</load_address>
         <run_address>0xfff6</run_address>
         <size>0x2</size>
         <input_file_ref idref="fl-5c"/>
      </object_component>
      <object_component id="oc-8a">
         <name>.int60</name>
         <load_address>0xfff8</load_address>
         <run_address>0xfff8</run_address>
         <size>0x2</size>
         <input_file_ref idref="fl-5d"/>
      </object_component>
      <object_component id="oc-8b">
         <name>.int61</name>
         <load_address>0xfffa</load_address>
         <run_address>0xfffa</run_address>
         <size>0x2</size>
         <input_file_ref idref="fl-5e"/>
      </object_component>
      <object_component id="oc-8c">
         <name>.int62</name>
         <load_address>0xfffc</load_address>
         <run_address>0xfffc</run_address>
         <size>0x2</size>
         <input_file_ref idref="fl-5f"/>
      </object_component>
      <object_component id="oc-d2">
         <name>.reset</name>
         <load_address>0xfffe</load_address>
         <run_address>0xfffe</run_address>
         <size>0x2</size>
         <input_file_ref idref="fl-3f"/>
      </object_component>
      <object_component id="oc-2fb">
         <name>.data</name>
         <load_address>0x2810</load_address>
         <run_address>0x2810</run_address>
         <size>0x6</size>
         <input_file_ref idref="fl-3"/>
      </object_component>
      <object_component id="oc-3e2">
         <name>.data</name>
         <load_address>0x2822</load_address>
         <run_address>0x2822</run_address>
         <size>0x2</size>
         <input_file_ref idref="fl-9"/>
      </object_component>
      <object_component id="oc-419">
         <name>.data</name>
         <load_address>0x2824</load_address>
         <run_address>0x2824</run_address>
         <size>0x1</size>
         <input_file_ref idref="fl-b"/>
      </object_component>
      <object_component id="oc-222">
         <name>.data</name>
         <load_address>0x2825</load_address>
         <run_address>0x2825</run_address>
         <size>0x1</size>
         <input_file_ref idref="fl-d"/>
      </object_component>
      <object_component id="oc-219">
         <name>.data</name>
         <load_address>0x2826</load_address>
         <run_address>0x2826</run_address>
         <size>0x1</size>
         <input_file_ref idref="fl-e"/>
      </object_component>
      <object_component id="oc-2f3">
         <name>.data</name>
         <load_address>0x2827</load_address>
         <run_address>0x2827</run_address>
         <size>0x1</size>
         <input_file_ref idref="fl-f"/>
      </object_component>
      <object_component id="oc-45d">
         <name>.data</name>
         <load_address>0x281e</load_address>
         <run_address>0x281e</run_address>
         <size>0x4</size>
         <input_file_ref idref="fl-6d"/>
      </object_component>
      <object_component id="oc-17c">
         <name>.data:_lock</name>
         <load_address>0x2816</load_address>
         <run_address>0x2816</run_address>
         <size>0x4</size>
         <input_file_ref idref="fl-72"/>
      </object_component>
      <object_component id="oc-185">
         <name>.data:_unlock</name>
         <load_address>0x281a</load_address>
         <run_address>0x281a</run_address>
         <size>0x4</size>
         <input_file_ref idref="fl-72"/>
      </object_component>
      <object_component id="oc-2b2">
         <name>.debug_info</name>
         <load_address>0x0</load_address>
         <run_address>0x0</run_address>
         <size>0x2a5</size>
         <input_file_ref idref="fl-2"/>
      </object_component>
      <object_component id="oc-266">
         <name>.debug_info</name>
         <load_address>0x2a5</load_address>
         <run_address>0x2a5</run_address>
         <size>0x10d</size>
         <input_file_ref idref="fl-2"/>
      </object_component>
      <object_component id="oc-3d3">
         <name>.debug_info</name>
         <load_address>0x3b2</load_address>
         <run_address>0x3b2</run_address>
         <size>0x190</size>
         <input_file_ref idref="fl-2"/>
      </object_component>
      <object_component id="oc-3cd">
         <name>.debug_info</name>
         <load_address>0x542</load_address>
         <run_address>0x542</run_address>
         <size>0x17a</size>
         <input_file_ref idref="fl-2"/>
      </object_component>
      <object_component id="oc-3d9">
         <name>.debug_info</name>
         <load_address>0x6bc</load_address>
         <run_address>0x6bc</run_address>
         <size>0x3a6</size>
         <input_file_ref idref="fl-2"/>
      </object_component>
      <object_component id="oc-33a">
         <name>.debug_info</name>
         <load_address>0xa62</load_address>
         <run_address>0xa62</run_address>
         <size>0x499</size>
         <input_file_ref idref="fl-2"/>
      </object_component>
      <object_component id="oc-294">
         <name>.debug_info</name>
         <load_address>0xefb</load_address>
         <run_address>0xefb</run_address>
         <size>0xc2</size>
         <input_file_ref idref="fl-2"/>
      </object_component>
      <object_component id="oc-380">
         <name>.debug_info</name>
         <load_address>0xfbd</load_address>
         <run_address>0xfbd</run_address>
         <size>0xb1</size>
         <input_file_ref idref="fl-2"/>
      </object_component>
      <object_component id="oc-335">
         <name>.debug_info</name>
         <load_address>0x106e</load_address>
         <run_address>0x106e</run_address>
         <size>0x76</size>
         <input_file_ref idref="fl-2"/>
      </object_component>
      <object_component id="oc-141">
         <name>.debug_info</name>
         <load_address>0x10e4</load_address>
         <run_address>0x10e4</run_address>
         <size>0x84</size>
         <input_file_ref idref="fl-2"/>
      </object_component>
      <object_component id="oc-2a3">
         <name>.debug_info</name>
         <load_address>0x1168</load_address>
         <run_address>0x1168</run_address>
         <size>0x39</size>
         <input_file_ref idref="fl-2"/>
      </object_component>
      <object_component id="oc-1ef">
         <name>.debug_info</name>
         <load_address>0x11a1</load_address>
         <run_address>0x11a1</run_address>
         <size>0x83</size>
         <input_file_ref idref="fl-2"/>
      </object_component>
      <object_component id="oc-1a4">
         <name>.debug_info</name>
         <load_address>0x1224</load_address>
         <run_address>0x1224</run_address>
         <size>0x18b</size>
         <input_file_ref idref="fl-2"/>
      </object_component>
      <object_component id="oc-1f4">
         <name>.debug_info</name>
         <load_address>0x13af</load_address>
         <run_address>0x13af</run_address>
         <size>0x19b</size>
         <input_file_ref idref="fl-2"/>
      </object_component>
      <object_component id="oc-148">
         <name>.debug_info</name>
         <load_address>0x154a</load_address>
         <run_address>0x154a</run_address>
         <size>0x2c</size>
         <input_file_ref idref="fl-2"/>
      </object_component>
      <object_component id="oc-29e">
         <name>.debug_info</name>
         <load_address>0x1576</load_address>
         <run_address>0x1576</run_address>
         <size>0x2c</size>
         <input_file_ref idref="fl-2"/>
      </object_component>
      <object_component id="oc-2fe">
         <name>.debug_info</name>
         <load_address>0x15a2</load_address>
         <run_address>0x15a2</run_address>
         <size>0x3d1</size>
         <input_file_ref idref="fl-3"/>
      </object_component>
      <object_component id="oc-198">
         <name>.debug_info</name>
         <load_address>0x1973</load_address>
         <run_address>0x1973</run_address>
         <size>0x143</size>
         <input_file_ref idref="fl-3"/>
      </object_component>
      <object_component id="oc-25a">
         <name>.debug_info</name>
         <load_address>0x1ab6</load_address>
         <run_address>0x1ab6</run_address>
         <size>0x19a</size>
         <input_file_ref idref="fl-3"/>
      </object_component>
      <object_component id="oc-303">
         <name>.debug_info</name>
         <load_address>0x1c50</load_address>
         <run_address>0x1c50</run_address>
         <size>0x283</size>
         <input_file_ref idref="fl-3"/>
      </object_component>
      <object_component id="oc-392">
         <name>.debug_info</name>
         <load_address>0x1ed3</load_address>
         <run_address>0x1ed3</run_address>
         <size>0x2f2</size>
         <input_file_ref idref="fl-3"/>
      </object_component>
      <object_component id="oc-2aa">
         <name>.debug_info</name>
         <load_address>0x21c5</load_address>
         <run_address>0x21c5</run_address>
         <size>0x250</size>
         <input_file_ref idref="fl-4"/>
      </object_component>
      <object_component id="oc-1bc">
         <name>.debug_info</name>
         <load_address>0x2415</load_address>
         <run_address>0x2415</run_address>
         <size>0x15e</size>
         <input_file_ref idref="fl-4"/>
      </object_component>
      <object_component id="oc-1d0">
         <name>.debug_info</name>
         <load_address>0x2573</load_address>
         <run_address>0x2573</run_address>
         <size>0x148</size>
         <input_file_ref idref="fl-4"/>
      </object_component>
      <object_component id="oc-1e1">
         <name>.debug_info</name>
         <load_address>0x26bb</load_address>
         <run_address>0x26bb</run_address>
         <size>0x12a</size>
         <input_file_ref idref="fl-4"/>
      </object_component>
      <object_component id="oc-2e5">
         <name>.debug_info</name>
         <load_address>0x27e5</load_address>
         <run_address>0x27e5</run_address>
         <size>0x17f</size>
         <input_file_ref idref="fl-4"/>
      </object_component>
      <object_component id="oc-415">
         <name>.debug_info</name>
         <load_address>0x2964</load_address>
         <run_address>0x2964</run_address>
         <size>0x202</size>
         <input_file_ref idref="fl-5"/>
      </object_component>
      <object_component id="oc-3b5">
         <name>.debug_info</name>
         <load_address>0x2b66</load_address>
         <run_address>0x2b66</run_address>
         <size>0x22c</size>
         <input_file_ref idref="fl-5"/>
      </object_component>
      <object_component id="oc-3ec">
         <name>.debug_info</name>
         <load_address>0x2d92</load_address>
         <run_address>0x2d92</run_address>
         <size>0x19b</size>
         <input_file_ref idref="fl-5"/>
      </object_component>
      <object_component id="oc-410">
         <name>.debug_info</name>
         <load_address>0x2f2d</load_address>
         <run_address>0x2f2d</run_address>
         <size>0x165</size>
         <input_file_ref idref="fl-5"/>
      </object_component>
      <object_component id="oc-409">
         <name>.debug_info</name>
         <load_address>0x3092</load_address>
         <run_address>0x3092</run_address>
         <size>0x168</size>
         <input_file_ref idref="fl-5"/>
      </object_component>
      <object_component id="oc-3f7">
         <name>.debug_info</name>
         <load_address>0x31fa</load_address>
         <run_address>0x31fa</run_address>
         <size>0x172</size>
         <input_file_ref idref="fl-5"/>
      </object_component>
      <object_component id="oc-43a">
         <name>.debug_info</name>
         <load_address>0x336c</load_address>
         <run_address>0x336c</run_address>
         <size>0x1a7</size>
         <input_file_ref idref="fl-5"/>
      </object_component>
      <object_component id="oc-3f1">
         <name>.debug_info</name>
         <load_address>0x3513</load_address>
         <run_address>0x3513</run_address>
         <size>0x158</size>
         <input_file_ref idref="fl-5"/>
      </object_component>
      <object_component id="oc-3e5">
         <name>.debug_info</name>
         <load_address>0x366b</load_address>
         <run_address>0x366b</run_address>
         <size>0x177</size>
         <input_file_ref idref="fl-5"/>
      </object_component>
      <object_component id="oc-404">
         <name>.debug_info</name>
         <load_address>0x37e2</load_address>
         <run_address>0x37e2</run_address>
         <size>0x210</size>
         <input_file_ref idref="fl-5"/>
      </object_component>
      <object_component id="oc-36f">
         <name>.debug_info</name>
         <load_address>0x39f2</load_address>
         <run_address>0x39f2</run_address>
         <size>0x1ca</size>
         <input_file_ref idref="fl-6"/>
      </object_component>
      <object_component id="oc-2ef">
         <name>.debug_info</name>
         <load_address>0x3bbc</load_address>
         <run_address>0x3bbc</run_address>
         <size>0x1d8</size>
         <input_file_ref idref="fl-6"/>
      </object_component>
      <object_component id="oc-30a">
         <name>.debug_info</name>
         <load_address>0x3d94</load_address>
         <run_address>0x3d94</run_address>
         <size>0x18c</size>
         <input_file_ref idref="fl-6"/>
      </object_component>
      <object_component id="oc-372">
         <name>.debug_info</name>
         <load_address>0x3f20</load_address>
         <run_address>0x3f20</run_address>
         <size>0x183</size>
         <input_file_ref idref="fl-6"/>
      </object_component>
      <object_component id="oc-2dc">
         <name>.debug_info</name>
         <load_address>0x40a3</load_address>
         <run_address>0x40a3</run_address>
         <size>0x2d8</size>
         <input_file_ref idref="fl-7"/>
      </object_component>
      <object_component id="oc-35b">
         <name>.debug_info</name>
         <load_address>0x437b</load_address>
         <run_address>0x437b</run_address>
         <size>0x140</size>
         <input_file_ref idref="fl-7"/>
      </object_component>
      <object_component id="oc-34b">
         <name>.debug_info</name>
         <load_address>0x44bb</load_address>
         <run_address>0x44bb</run_address>
         <size>0x142</size>
         <input_file_ref idref="fl-7"/>
      </object_component>
      <object_component id="oc-367">
         <name>.debug_info</name>
         <load_address>0x45fd</load_address>
         <run_address>0x45fd</run_address>
         <size>0x156</size>
         <input_file_ref idref="fl-7"/>
      </object_component>
      <object_component id="oc-361">
         <name>.debug_info</name>
         <load_address>0x4753</load_address>
         <run_address>0x4753</run_address>
         <size>0x156</size>
         <input_file_ref idref="fl-7"/>
      </object_component>
      <object_component id="oc-1e7">
         <name>.debug_info</name>
         <load_address>0x48a9</load_address>
         <run_address>0x48a9</run_address>
         <size>0x158</size>
         <input_file_ref idref="fl-7"/>
      </object_component>
      <object_component id="oc-1d5">
         <name>.debug_info</name>
         <load_address>0x4a01</load_address>
         <run_address>0x4a01</run_address>
         <size>0x156</size>
         <input_file_ref idref="fl-7"/>
      </object_component>
      <object_component id="oc-1b5">
         <name>.debug_info</name>
         <load_address>0x4b57</load_address>
         <run_address>0x4b57</run_address>
         <size>0x144</size>
         <input_file_ref idref="fl-7"/>
      </object_component>
      <object_component id="oc-160">
         <name>.debug_info</name>
         <load_address>0x4c9b</load_address>
         <run_address>0x4c9b</run_address>
         <size>0x146</size>
         <input_file_ref idref="fl-7"/>
      </object_component>
      <object_component id="oc-1c8">
         <name>.debug_info</name>
         <load_address>0x4de1</load_address>
         <run_address>0x4de1</run_address>
         <size>0x152</size>
         <input_file_ref idref="fl-7"/>
      </object_component>
      <object_component id="oc-1db">
         <name>.debug_info</name>
         <load_address>0x4f33</load_address>
         <run_address>0x4f33</run_address>
         <size>0x154</size>
         <input_file_ref idref="fl-7"/>
      </object_component>
      <object_component id="oc-ff">
         <name>.debug_info</name>
         <load_address>0x5087</load_address>
         <run_address>0x5087</run_address>
         <size>0x14e</size>
         <input_file_ref idref="fl-7"/>
      </object_component>
      <object_component id="oc-f3">
         <name>.debug_info</name>
         <load_address>0x51d5</load_address>
         <run_address>0x51d5</run_address>
         <size>0x14e</size>
         <input_file_ref idref="fl-7"/>
      </object_component>
      <object_component id="oc-2c2">
         <name>.debug_info</name>
         <load_address>0x5323</load_address>
         <run_address>0x5323</run_address>
         <size>0x27b</size>
         <input_file_ref idref="fl-9"/>
      </object_component>
      <object_component id="oc-229">
         <name>.debug_info</name>
         <load_address>0x559e</load_address>
         <run_address>0x559e</run_address>
         <size>0x269</size>
         <input_file_ref idref="fl-9"/>
      </object_component>
      <object_component id="oc-235">
         <name>.debug_info</name>
         <load_address>0x5807</load_address>
         <run_address>0x5807</run_address>
         <size>0x160</size>
         <input_file_ref idref="fl-9"/>
      </object_component>
      <object_component id="oc-241">
         <name>.debug_info</name>
         <load_address>0x5967</load_address>
         <run_address>0x5967</run_address>
         <size>0x178</size>
         <input_file_ref idref="fl-9"/>
      </object_component>
      <object_component id="oc-2d5">
         <name>.debug_info</name>
         <load_address>0x5adf</load_address>
         <run_address>0x5adf</run_address>
         <size>0x168</size>
         <input_file_ref idref="fl-9"/>
      </object_component>
      <object_component id="oc-26d">
         <name>.debug_info</name>
         <load_address>0x5c47</load_address>
         <run_address>0x5c47</run_address>
         <size>0x170</size>
         <input_file_ref idref="fl-9"/>
      </object_component>
      <object_component id="oc-28b">
         <name>.debug_info</name>
         <load_address>0x5db7</load_address>
         <run_address>0x5db7</run_address>
         <size>0x1c4</size>
         <input_file_ref idref="fl-9"/>
      </object_component>
      <object_component id="oc-273">
         <name>.debug_info</name>
         <load_address>0x5f7b</load_address>
         <run_address>0x5f7b</run_address>
         <size>0x128</size>
         <input_file_ref idref="fl-9"/>
      </object_component>
      <object_component id="oc-2c8">
         <name>.debug_info</name>
         <load_address>0x60a3</load_address>
         <run_address>0x60a3</run_address>
         <size>0x14c</size>
         <input_file_ref idref="fl-9"/>
      </object_component>
      <object_component id="oc-285">
         <name>.debug_info</name>
         <load_address>0x61ef</load_address>
         <run_address>0x61ef</run_address>
         <size>0x165</size>
         <input_file_ref idref="fl-9"/>
      </object_component>
      <object_component id="oc-27f">
         <name>.debug_info</name>
         <load_address>0x6354</load_address>
         <run_address>0x6354</run_address>
         <size>0x14b</size>
         <input_file_ref idref="fl-9"/>
      </object_component>
      <object_component id="oc-31a">
         <name>.debug_info</name>
         <load_address>0x649f</load_address>
         <run_address>0x649f</run_address>
         <size>0x1af</size>
         <input_file_ref idref="fl-9"/>
      </object_component>
      <object_component id="oc-323">
         <name>.debug_info</name>
         <load_address>0x664e</load_address>
         <run_address>0x664e</run_address>
         <size>0x14f</size>
         <input_file_ref idref="fl-9"/>
      </object_component>
      <object_component id="oc-32a">
         <name>.debug_info</name>
         <load_address>0x679d</load_address>
         <run_address>0x679d</run_address>
         <size>0x19a</size>
         <input_file_ref idref="fl-9"/>
      </object_component>
      <object_component id="oc-344">
         <name>.debug_info</name>
         <load_address>0x6937</load_address>
         <run_address>0x6937</run_address>
         <size>0x165</size>
         <input_file_ref idref="fl-9"/>
      </object_component>
      <object_component id="oc-3a4">
         <name>.debug_info</name>
         <load_address>0x6a9c</load_address>
         <run_address>0x6a9c</run_address>
         <size>0x1a0</size>
         <input_file_ref idref="fl-9"/>
      </object_component>
      <object_component id="oc-12c">
         <name>.debug_info</name>
         <load_address>0x6c3c</load_address>
         <run_address>0x6c3c</run_address>
         <size>0x130</size>
         <input_file_ref idref="fl-a"/>
      </object_component>
      <object_component id="oc-3c8">
         <name>.debug_info</name>
         <load_address>0x6d6c</load_address>
         <run_address>0x6d6c</run_address>
         <size>0x201</size>
         <input_file_ref idref="fl-b"/>
      </object_component>
      <object_component id="oc-300">
         <name>.debug_info</name>
         <load_address>0x6f6d</load_address>
         <run_address>0x6f6d</run_address>
         <size>0x39c</size>
         <input_file_ref idref="fl-c"/>
      </object_component>
      <object_component id="oc-37b">
         <name>.debug_info</name>
         <load_address>0x7309</load_address>
         <run_address>0x7309</run_address>
         <size>0x151</size>
         <input_file_ref idref="fl-c"/>
      </object_component>
      <object_component id="oc-224">
         <name>.debug_info</name>
         <load_address>0x745a</load_address>
         <run_address>0x745a</run_address>
         <size>0x514</size>
         <input_file_ref idref="fl-d"/>
      </object_component>
      <object_component id="oc-230">
         <name>.debug_info</name>
         <load_address>0x796e</load_address>
         <run_address>0x796e</run_address>
         <size>0x12c</size>
         <input_file_ref idref="fl-d"/>
      </object_component>
      <object_component id="oc-23c">
         <name>.debug_info</name>
         <load_address>0x7a9a</load_address>
         <run_address>0x7a9a</run_address>
         <size>0x162</size>
         <input_file_ref idref="fl-d"/>
      </object_component>
      <object_component id="oc-194">
         <name>.debug_info</name>
         <load_address>0x7bfc</load_address>
         <run_address>0x7bfc</run_address>
         <size>0x18b</size>
         <input_file_ref idref="fl-d"/>
      </object_component>
      <object_component id="oc-1a0">
         <name>.debug_info</name>
         <load_address>0x7d87</load_address>
         <run_address>0x7d87</run_address>
         <size>0x192</size>
         <input_file_ref idref="fl-d"/>
      </object_component>
      <object_component id="oc-24f">
         <name>.debug_info</name>
         <load_address>0x7f19</load_address>
         <run_address>0x7f19</run_address>
         <size>0x1e8</size>
         <input_file_ref idref="fl-d"/>
      </object_component>
      <object_component id="oc-249">
         <name>.debug_info</name>
         <load_address>0x8101</load_address>
         <run_address>0x8101</run_address>
         <size>0x168</size>
         <input_file_ref idref="fl-d"/>
      </object_component>
      <object_component id="oc-2bc">
         <name>.debug_info</name>
         <load_address>0x8269</load_address>
         <run_address>0x8269</run_address>
         <size>0x97</size>
         <input_file_ref idref="fl-d"/>
      </object_component>
      <object_component id="oc-16c">
         <name>.debug_info</name>
         <load_address>0x8300</load_address>
         <run_address>0x8300</run_address>
         <size>0x27d</size>
         <input_file_ref idref="fl-e"/>
      </object_component>
      <object_component id="oc-21d">
         <name>.debug_info</name>
         <load_address>0x857d</load_address>
         <run_address>0x857d</run_address>
         <size>0x114</size>
         <input_file_ref idref="fl-e"/>
      </object_component>
      <object_component id="oc-f9">
         <name>.debug_info</name>
         <load_address>0x8691</load_address>
         <run_address>0x8691</run_address>
         <size>0x111</size>
         <input_file_ref idref="fl-e"/>
      </object_component>
      <object_component id="oc-18d">
         <name>.debug_info</name>
         <load_address>0x87a2</load_address>
         <run_address>0x87a2</run_address>
         <size>0x13b</size>
         <input_file_ref idref="fl-e"/>
      </object_component>
      <object_component id="oc-27a">
         <name>.debug_info</name>
         <load_address>0x88dd</load_address>
         <run_address>0x88dd</run_address>
         <size>0x100</size>
         <input_file_ref idref="fl-e"/>
      </object_component>
      <object_component id="oc-2cf">
         <name>.debug_info</name>
         <load_address>0x89dd</load_address>
         <run_address>0x89dd</run_address>
         <size>0x104</size>
         <input_file_ref idref="fl-e"/>
      </object_component>
      <object_component id="oc-1b2">
         <name>.debug_info</name>
         <load_address>0x8ae1</load_address>
         <run_address>0x8ae1</run_address>
         <size>0x71f</size>
         <input_file_ref idref="fl-f"/>
      </object_component>
      <object_component id="oc-254">
         <name>.debug_info</name>
[...]
      </symbol>
      <symbol id="sm-67c">
         <name>task_links</name>
         <value>0x2540</value>
      </symbol>
      <symbol id="sm-67d">
         <name>task_list</name>
         <value>0x273e</value>
      </symbol>
      <symbol id="sm-67e">
         <name>identify_task</name>
         <value>0x11b1a</value>
         <object_component_ref idref="oc-23a"/>
      </symbol>
      <symbol id="sm-67f">
         <name>RollTimer</name>
         <value>0x11756</value>
         <object_component_ref idref="oc-246"/>
      </symbol>
      <symbol id="sm-680">
         <name>SystemTick</name>
         <value>0x11198</value>
         <object_component_ref idref="oc-19d"/>
      </symbol>
      <symbol id="sm-681">
         <name>sort_tasks</name>
         <value>0x11c6e</value>
         <object_component_ref idref="oc-22e"/>
      </symbol>
      <symbol id="sm-682">
         <name>Task_Schedule</name>
         <value>0x1179a</value>
         <object_component_ref idref="oc-24c"/>
      </symbol>
      <symbol id="sm-683">
         <name>Task_Init</name>
         <value>0x11350</value>
         <object_component_ref idref="oc-191"/>
      </symbol>
      <symbol id="sm-6b0">
         <name>time</name>
         <value>0x2806</value>
      </symbol>
      <symbol id="sm-6b1">
         <name>rollover_time</name>
         <value>0x2802</value>
      </symbol>
      <symbol id="sm-6b2">
         <name>TimeNow</name>
         <value>0x11e52</value>
         <object_component_ref idref="oc-278"/>
      </symbol>
      <symbol id="sm-6b3">
         <name>__TI_int53</name>
         <value>0xffea</value>
         <object_component_ref idref="oc-83"/>
      </symbol>
      <symbol id="sm-6b4">
         <name>Timing_Init</name>
         <value>0x11bde</value>
         <object_component_ref idref="oc-18b"/>
      </symbol>
      <symbol id="sm-6b5">
         <name>Timing_Roll</name>
         <value>0x11dda</value>
         <object_component_ref idref="oc-2cd"/>
      </symbol>
      <symbol id="sm-6b6">
         <name>hal_Timing_Init</name>
         <value>0x11cd0</value>
         <object_component_ref idref="oc-21b"/>
      </symbol>
      <symbol id="sm-6b7">
         <name>TIMER0_A0_ISR</name>
         <value>0x444a</value>
         <object_component_ref idref="oc-f8"/>
      </symbol>
      <symbol id="sm-705">
         <name>rx1</name>
         <value>0x2794</value>
      </symbol>
      <symbol id="sm-706">
         <name>tx1</name>
         <value>0x27ac</value>
      </symbol>
      <symbol id="sm-707">
         <name>tx_buffer_array1</name>
         <value>0x2630</value>
      </symbol>
      <symbol id="sm-708">
         <name>rx_buffer_array1</name>
         <value>0x2774</value>
      </symbol>
      <symbol id="sm-709">
         <name>receiverList1</name>
         <value>0x27dc</value>
      </symbol>
      <symbol id="sm-70a">
         <name>receiver_array1</name>
         <value>0x27e4</value>
      </symbol>
      <symbol id="sm-70b">
         <name>uart</name>
         <value>0x27c4</value>
      </symbol>
      <symbol id="sm-70c">
         <name>rx_flags</name>
         <value>0x280e</value>
      </symbol>
      <symbol id="sm-70d">
         <name>UART_Rx_Handler</name>
         <value>0x1185c</value>
         <object_component_ref idref="oc-158"/>
      </symbol>
      <symbol id="sm-70e">
         <name>UART_Tx_Handler</name>
         <value>0x116ba</value>
         <object_component_ref idref="oc-164"/>
      </symbol>
      <symbol id="sm-70f">
         <name>UART_Printf</name>
         <value>0x119f6</value>
         <object_component_ref idref="oc-389"/>
      </symbol>
      <symbol id="sm-710">
         <name>UART_RegisterReceiver</name>
         <value>0x11bfc</value>
         <object_component_ref idref="oc-25f"/>
      </symbol>
      <symbol id="sm-711">
         <name>UART_Tick</name>
         <value>0x10b66</value>
         <object_component_ref idref="oc-2f4"/>
      </symbol>
      <symbol id="sm-712">
         <name>UART_Tx_Start</name>
         <value>0x11708</value>
         <object_component_ref idref="oc-3b9"/>
      </symbol>
      <symbol id="sm-713">
         <name>UART_Init</name>
         <value>0x10f14</value>
         <object_component_ref idref="oc-253"/>
      </symbol>
      <symbol id="sm-71c">
         <name>_stack</name>
         <value>0x4360</value>
         <object_component_ref idref="oc-cf"/>
      </symbol>
      <symbol id="sm-71d">
         <name>_reset_vector</name>
         <value>0xfffe</value>
         <object_component_ref idref="oc-d2"/>
      </symbol>
      <symbol id="sm-728">
         <name>_c_int00_noargs_noexit</name>
         <value>0x4400</value>
         <object_component_ref idref="oc-ab"/>
      </symbol>
      <symbol id="sm-73e">
         <name>__TI_decompress_none</name>
         <value>0x11e14</value>
         <object_component_ref idref="oc-6b"/>
      </symbol>
      <symbol id="sm-760">
         <name>__TI_decompress_rle24</name>
         <value>0x11e72</value>
         <object_component_ref idref="oc-71"/>
      </symbol>
      <symbol id="sm-773">
         <name>__TI_zero_init</name>
         <value>0x11ad4</value>
         <object_component_ref idref="oc-8d"/>
      </symbol>
      <symbol id="sm-78b">
         <name>__mspabi_cvtdf</name>
         <value>0x10e88</value>
         <object_component_ref idref="oc-3fc"/>
      </symbol>
      <symbol id="sm-799">
         <name>__mspabi_cvtfd</name>
         <value>0x11554</value>
         <object_component_ref idref="oc-42f"/>
      </symbol>
      <symbol id="sm-7a5">
         <name>__mspabi_remi</name>
         <value>0x11a58</value>
         <object_component_ref idref="oc-426"/>
      </symbol>
      <symbol id="sm-7a6">
         <name>__mspabi_divi</name>
         <value>0x11a58</value>
         <object_component_ref idref="oc-426"/>
      </symbol>
      <symbol id="sm-7b0">
         <name>__mspabi_remu</name>
         <value>0x11d98</value>
         <object_component_ref idref="oc-39d"/>
      </symbol>
      <symbol id="sm-7b1">
         <name>__mspabi_divu</name>
         <value>0x11d98</value>
         <object_component_ref idref="oc-39d"/>
      </symbol>
      <symbol id="sm-7c0">
         <name>__mspabi_remul</name>
         <value>0x11612</value>
         <object_component_ref idref="oc-350"/>
      </symbol>
      <symbol id="sm-7c1">
         <name>__mspabi_divul</name>
         <value>0x11612</value>
         <object_component_ref idref="oc-350"/>
      </symbol>
      <symbol id="sm-7cc">
         <name>C$$EXIT</name>
         <value>0x11e80</value>
         <object_component_ref idref="oc-133"/>
      </symbol>
      <symbol id="sm-7cd">
         <name>abort</name>
         <value>0x11e80</value>
         <object_component_ref idref="oc-133"/>
      </symbol>
      <symbol id="sm-7f3">
         <name>__mspabi_mpyf</name>
         <value>0x10ab0</value>
         <object_component_ref idref="oc-44c"/>
      </symbol>
      <symbol id="sm-80b">
         <name>__mspabi_fixfi</name>
         <value>0x11422</value>
         <object_component_ref idref="oc-447"/>
      </symbol>
      <symbol id="sm-825">
         <name>__mspabi_fixfli</name>
         <value>0x1109e</value>
         <object_component_ref idref="oc-451"/>
      </symbol>
      <symbol id="sm-828">
         <name>__TI_int41</name>
         <value>0xffd2</value>
         <object_component_ref idref="oc-77"/>
      </symbol>
      <symbol id="sm-82b">
         <name>__TI_int42</name>
         <value>0xffd4</value>
         <object_component_ref idref="oc-78"/>
      </symbol>
      <symbol id="sm-82e">
         <name>__TI_int43</name>
         <value>0xffd6</value>
         <object_component_ref idref="oc-79"/>
      </symbol>
      <symbol id="sm-831">
         <name>__TI_int44</name>
         <value>0xffd8</value>
         <object_component_ref idref="oc-7a"/>
      </symbol>
      <symbol id="sm-834">
         <name>__TI_int45</name>
         <value>0xffda</value>
         <object_component_ref idref="oc-7b"/>
      </symbol>
      <symbol id="sm-837">
         <name>__TI_int47</name>
         <value>0xffde</value>
         <object_component_ref idref="oc-7d"/>
      </symbol>
      <symbol id="sm-83a">
         <name>__TI_int48</name>
         <value>0xffe0</value>
         <object_component_ref idref="oc-7e"/>
      </symbol>
      <symbol id="sm-83d">
         <name>__TI_int49</name>
         <value>0xffe2</value>
         <object_component_ref idref="oc-7f"/>
      </symbol>
      <symbol id="sm-840">
         <name>__TI_int50</name>
         <value>0xffe4</value>
         <object_component_ref idref="oc-80"/>
      </symbol>
      <symbol id="sm-843">
         <name>__TI_int51</name>
         <value>0xffe6</value>
         <object_component_ref idref="oc-81"/>
      </symbol>
      <symbol id="sm-846">
         <name>__TI_int52</name>
         <value>0xffe8</value>
         <object_component_ref idref="oc-82"/>
      </symbol>
      <symbol id="sm-849">
         <name>__TI_int54</name>
         <value>0xffec</value>
         <object_component_ref idref="oc-84"/>
      </symbol>
      <symbol id="sm-84c">
         <name>__TI_int55</name>
         <value>0xffee</value>
         <object_component_ref idref="oc-85"/>
      </symbol>
      <symbol id="sm-84f">
         <name>__TI_int57</name>
         <value>0xfff2</value>
         <object_component_ref idref="oc-87"/>
      </symbol>
      <symbol id="sm-852">
         <name>__TI_int58</name>
         <value>0xfff4</value>
         <object_component_ref idref="oc-88"/>
      </symbol>
      <symbol id="sm-855">
         <name>__TI_int59</name>
         <value>0xfff6</value>
         <object_component_ref idref="oc-89"/>
      </symbol>
      <symbol id="sm-858">
         <name>__TI_int60</name>
         <value>0xfff8</value>
         <object_component_ref idref="oc-8a"/>
      </symbol>
      <symbol id="sm-85b">
         <name>__TI_int61</name>
         <value>0xfffa</value>
         <object_component_ref idref="oc-8b"/>
      </symbol>
      <symbol id="sm-85e">
         <name>__TI_int62</name>
         <value>0xfffc</value>
         <object_component_ref idref="oc-8c"/>
      </symbol>
      <symbol id="sm-866">
         <name>__TI_ISR_TRAP</name>
         <value>0x4458</value>
         <object_component_ref idref="oc-ed"/>
      </symbol>
      <symbol id="sm-86f">
         <name>__mspabi_slli</name>
         <value>0x11e5c</value>
         <object_component_ref idref="oc-1c0"/>
      </symbol>
      <symbol id="sm-877">
         <name>__mspabi_slll_9</name>
         <value>0x118f0</value>
         <object_component_ref idref="oc-440"/>
      </symbol>
      <symbol id="sm-878">
         <name>__mspabi_slll_8</name>
         <value>0x118f4</value>
         <object_component_ref idref="oc-440"/>
      </symbol>
      <symbol id="sm-879">
         <name>__mspabi_slll_7</name>
         <value>0x118f8</value>
         <object_component_ref idref="oc-440"/>
      </symbol>
      <symbol id="sm-87a">
         <name>__mspabi_slll_6</name>
         <value>0x118fc</value>
         <object_component_ref idref="oc-440"/>
      </symbol>
      <symbol id="sm-87b">
         <name>__mspabi_slll_5</name>
         <value>0x11900</value>
         <object_component_ref idref="oc-440"/>
      </symbol>
      <symbol id="sm-87c">
         <name>__mspabi_slll_4</name>
         <value>0x11904</value>
         <object_component_ref idref="oc-440"/>
      </symbol>
      <symbol id="sm-87d">
         <name>__mspabi_slll_3</name>
         <value>0x11908</value>
         <object_component_ref idref="oc-440"/>
      </symbol>
      <symbol id="sm-87e">
         <name>__mspabi_slll_2</name>
         <value>0x1190c</value>
         <object_component_ref idref="oc-440"/>
      </symbol>
      <symbol id="sm-87f">
         <name>__mspabi_slll_1</name>
         <value>0x11910</value>
         <object_component_ref idref="oc-440"/>
      </symbol>
      <symbol id="sm-880">
         <name>__mspabi_slll_15</name>
         <value>0x118d8</value>
         <object_component_ref idref="oc-440"/>
      </symbol>
      <symbol id="sm-881">
         <name>__mspabi_slll_14</name>
         <value>0x118dc</value>
         <object_component_ref idref="oc-440"/>
      </symbol>
      <symbol id="sm-882">
         <name>__mspabi_slll_13</name>
         <value>0x118e0</value>
         <object_component_ref idref="oc-440"/>
      </symbol>
      <symbol id="sm-883">
         <name>__mspabi_slll_12</name>
         <value>0x118e4</value>
         <object_component_ref idref="oc-440"/>
      </symbol>
      <symbol id="sm-884">
         <name>__mspabi_slll_11</name>
         <value>0x118e8</value>
         <object_component_ref idref="oc-440"/>
      </symbol>
      <symbol id="sm-885">
         <name>__mspabi_slll_10</name>
         <value>0x118ec</value>
         <object_component_ref idref="oc-440"/>
      </symbol>
      <symbol id="sm-88d">
         <name>__mspabi_srll_8</name>
         <value>0x11932</value>
         <object_component_ref idref="oc-355"/>
      </symbol>
      <symbol id="sm-88e">
         <name>__mspabi_srll_9</name>
         <value>0x1192e</value>
         <object_component_ref idref="oc-355"/>
      </symbol>
      <symbol id="sm-88f">
         <name>__mspabi_srll_6</name>
         <value>0x1193a</value>
         <object_component_ref idref="oc-355"/>
      </symbol>
      <symbol id="sm-890">
         <name>__mspabi_srll_7</name>
         <value>0x11936</value>
         <object_component_ref idref="oc-355"/>
      </symbol>
      <symbol id="sm-891">
         <name>__mspabi_srll_4</name>
         <value>0x11942</value>
         <object_component_ref idref="oc-355"/>
      </symbol>
      <symbol id="sm-892">
         <name>__mspabi_srll_5</name>
         <value>0x1193e</value>
         <object_component_ref idref="oc-355"/>
      </symbol>
      <symbol id="sm-893">
         <name>__mspabi_srll_2</name>
         <value>0x1194a</value>
         <object_component_ref idref="oc-355"/>
      </symbol>
      <symbol id="sm-894">
         <name>__mspabi_srll_3</name>
         <value>0x11946</value>
         <object_component_ref idref="oc-355"/>
      </symbol>
      <symbol id="sm-895">
         <name>__mspabi_srll_1</name>
         <value>0x1194e</value>
         <object_component_ref idref="oc-355"/>
      </symbol>
      <symbol id="sm-896">
         <name>__mspabi_srll_15</name>
         <value>0x11916</value>
         <object_component_ref idref="oc-355"/>
      </symbol>
      <symbol id="sm-897">
         <name>__mspabi_srll_14</name>
         <value>0x1191a</value>
         <object_component_ref idref="oc-355"/>
      </symbol>
      <symbol id="sm-898">
         <name>__mspabi_srll_13</name>
         <value>0x1191e</value>
         <object_component_ref idref="oc-355"/>
      </symbol>
      <symbol id="sm-899">
         <name>__mspabi_srll_12</name>
         <value>0x11922</value>
         <object_component_ref idref="oc-355"/>
      </symbol>
      <symbol id="sm-89a">
         <name>__mspabi_srll_11</name>
         <value>0x11926</value>
         <object_component_ref idref="oc-355"/>
      </symbol>
      <symbol id="sm-89b">
         <name>__mspabi_srll_10</name>
         <value>0x1192a</value>
         <object_component_ref idref="oc-355"/>
      </symbol>
      <symbol id="sm-8a9">
         <name>memcpy</name>
         <value>0x11dee</value>
         <object_component_ref idref="oc-d3"/>
      </symbol>
      <symbol id="sm-8c0">
         <name>__mspabi_mpyi_f5hw</name>
         <value>0x11dae</value>
         <object_component_ref idref="oc-1ac"/>
      </symbol>
      <symbol id="sm-8e1">
         <name>__mspabi_mpyl_f5hw</name>
         <value>0x11b3c</value>
         <object_component_ref idref="oc-462"/>
      </symbol>
      <symbol id="sm-8f7">
         <name>_system_pre_init</name>
         <value>0x11e7c</value>
         <object_component_ref idref="oc-10b"/>
      </symbol>
      <symbol id="sm-910">
         <name>rand</name>
         <value>0x117de</value>
         <object_component_ref idref="oc-420"/>
      </symbol>
      <symbol id="sm-911">
         <name>srand</name>
         <value>0x11dc4</value>
         <object_component_ref idref="oc-41a"/>
      </symbol>
      <symbol id="sm-920">
         <name>strcmp</name>
         <value>0x11c52</value>
         <object_component_ref idref="oc-3c0"/>
      </symbol>
      <symbol id="sm-92d">
         <name>strcpy</name>
         <value>0x11e26</value>
         <object_component_ref idref="oc-312"/>
      </symbol>
      <symbol id="sm-944">
         <name>_nop</name>
         <value>0x11e84</value>
         <object_component_ref idref="oc-207"/>
      </symbol>
      <symbol id="sm-945">
         <name>_lock</name>
         <value>0x2816</value>
         <object_component_ref idref="oc-17c"/>
      </symbol>
      <symbol id="sm-946">
         <name>_unlock</name>
         <value>0x281a</value>
         <object_component_ref idref="oc-185"/>
      </symbol>
      <symbol id="sm-950">
         <name>__mspabi_sral_15</name>
         <value>0x1189a</value>
         <object_component_ref idref="oc-469"/>
      </symbol>
      <symbol id="sm-951">
         <name>__mspabi_sral_14</name>
         <value>0x1189e</value>
         <object_component_ref idref="oc-469"/>
      </symbol>
      <symbol id="sm-952">
         <name>__mspabi_sral_13</name>
         <value>0x118a2</value>
         <object_component_ref idref="oc-469"/>
      </symbol>
      <symbol id="sm-953">
         <name>__mspabi_sral_12</name>
         <value>0x118a6</value>
         <object_component_ref idref="oc-469"/>
      </symbol>
      <symbol id="sm-954">
         <name>__mspabi_sral_11</name>
         <value>0x118aa</value>
         <object_component_ref idref="oc-469"/>
      </symbol>
      <symbol id="sm-955">
         <name>__mspabi_sral_10</name>
         <value>0x118ae</value>
         <object_component_ref idref="oc-469"/>
      </symbol>
      <symbol id="sm-956">
         <name>__mspabi_sral_8</name>
         <value>0x118b6</value>
         <object_component_ref idref="oc-469"/>
      </symbol>
      <symbol id="sm-957">
         <name>__mspabi_sral_9</name>
         <value>0x118b2</value>
         <object_component_ref idref="oc-469"/>
      </symbol>
      <symbol id="sm-958">
         <name>__mspabi_sral_6</name>
         <value>0x118be</value>
         <object_component_ref idref="oc-469"/>
      </symbol>
      <symbol id="sm-959">
         <name>__mspabi_sral_7</name>
         <value>0x118ba</value>
         <object_component_ref idref="oc-469"/>
      </symbol>
      <symbol id="sm-95a">
         <name>__mspabi_sral_4</name>
         <value>0x118c6</value>
         <object_component_ref idref="oc-469"/>
      </symbol>
      <symbol id="sm-95b">
         <name>__mspabi_sral_5</name>
         <value>0x118c2</value>
         <object_component_ref idref="oc-469"/>
      </symbol>
      <symbol id="sm-95c">
         <name>__mspabi_sral_2</name>
         <value>0x118ce</value>
         <object_component_ref idref="oc-469"/>
      </symbol>
      <symbol id="sm-95d">
         <name>__mspabi_sral_3</name>
         <value>0x118ca</value>
         <object_component_ref idref="oc-469"/>
      </symbol>
      <symbol id="sm-95e">
         <name>__mspabi_sral_1</name>
         <value>0x118d2</value>
         <object_component_ref idref="oc-469"/>
      </symbol>
      <symbol id="sm-97a">
         <name>_auto_init_hold_wdt</name>
         <value>0x1127a</value>
         <object_component_ref idref="oc-111"/>
      </symbol>
      <symbol id="sm-97e">
         <name>__TI_INITARRAY_Base</name>
         <value>0x0</value>
      </symbol>
      <symbol id="sm-97f">
         <name>__TI_INITARRAY_Limit</name>
         <value>0x0</value>
      </symbol>
   </symbol_table>
   <title>Link successful</title>
</link_info>
